python : 2026-02-11 14:05:18.499 | INFO     | core.quotes_api:_ensure_loaded:52 - 
Loaded 120 quotes from 15 philosophers
At line:1 char:1
+ python test_sanity.py > test_output.txt 2>&1; type test_output.txt
+ ~~~~~~~~~~~~~~~~~~~~~~~~~~~~~~~~~~~~~~~~~~~~
    + CategoryInfo          : NotSpecified: (2026-02-11 14:0...15 philosophers:Strin 
   g) [], RemoteException
    + FullyQualifiedErrorId : NativeCommandError
 
2026-02-11 14:05:18.724 | DEBUG    | database.models:init_database:111 - Database 
initialized
2026-02-11 14:05:18.728 | DEBUG    | database.models:init_database:111 - Database 
initialized
2026-02-11 14:05:18.729 | INFO     | core.quote_scheduler:get_next_quote:113 - Next 
quote #1 (index 0/120): "You have power over your mind, not outside events...." ù 
Marcus Aurelius
2026-02-11 14:05:18.882 | DEBUG    | core.tts_engine:__init__:53 - TTS engine 
initialized: voice=en-US-GuyNeural, rate=-5%, pitch=-2Hz
==================================================
Stoic Wisdom Shorts ù Module Sanity Check
==================================================
Testing config/settings... OK (channel=Stoic Wisdom)
Testing quotes_api... OK (120 quotes, 15 philosophers)
  First: "You have power over your mind, not outside events...." ù Marcus Aurelius
Testing database... OK (tables created)
Testing quote_scheduler... OK (position 0/120)
Testing tts_engine... OK (voice=en-US-GuyNeural)
Testing style_config... OK
Testing text_renderer... OK
Testing main CLI... OK

==================================================
Results: 8 passed, 0 failed
Traceback (most recent call last):
  File "D:\05_Work\newYouTubeProject\stoic-wisdom-shorts\test_sanity.py", line 106, 
in <module>
    print("All checks passed! \u2705")
    ~~~~~^^^^^^^^^^^^^^^^^^^^^^^^^
  File 
"C:\Users\acona\AppData\Local\Programs\Python\Python314\Lib\encodings\cp1252.py", 
line 19, in encode
    return codecs.charmap_encode(input,self.errors,encoding_table)[0]
           ~~~~~~~~~~~~~~~~~~~~~^^^^^^^^^^^^^^^^^^^^^^^^^^^^^^^^^^
UnicodeEncodeError: 'charmap' codec can't encode character '\u2705' in position 19: 
character maps to <undefined>
